<?xml version="1.0" encoding="ISO-8859-1" ?>
<link_info>
   <banner>MSP430 Linker Unix v18.12.4.LTS</banner>
   <copyright>Copyright (c) 2003-2018 Texas Instruments Incorporated</copyright>
   <link_time>0x5ea1c1d0</link_time>
   <link_errors>0x0</link_errors>
   <output_file>OutOfBox.out</output_file>
   <entry_point>
      <name>_c_int00_noargs</name>
      <address>0xd86c</address>
   </entry_point>
   <input_file_list>
      <input_file id="fl-1">
         <path>./</path>
         <kind>object</kind>
         <file>StopWatchMode.obj</file>
         <name>StopWatchMode.obj</name>
      </input_file>
      <input_file id="fl-2">
         <path>./</path>
         <kind>object</kind>
         <file>TempSensorMode.obj</file>
         <name>TempSensorMode.obj</name>
      </input_file>
      <input_file id="fl-3">
         <path>./</path>
         <kind>object</kind>
         <file>hal_LCD.obj</file>
         <name>hal_LCD.obj</name>
      </input_file>
      <input_file id="fl-4">
         <path>./</path>
         <kind>object</kind>
         <file>main.obj</file>
         <name>main.obj</name>
      </input_file>
      <input_file id="fl-a">
         <kind>object</kind>
         <file>&lt;internal&gt;</file>
         <name>&lt;internal&gt;</name>
      </input_file>
      <input_file id="fl-20">
         <path>/home/embsys/ti/ccs930/ccs/tools/compiler/ti-cgt-msp430_18.12.4.LTS/lib/</path>
         <kind>archive</kind>
         <file>rts430x_lc_sd_eabi.lib</file>
         <name>div16s.asm.obj</name>
      </input_file>
      <input_file id="fl-21">
         <path>/home/embsys/ti/ccs930/ccs/tools/compiler/ti-cgt-msp430_18.12.4.LTS/lib/</path>
         <kind>archive</kind>
         <file>rts430x_lc_sd_eabi.lib</file>
         <name>div16u.asm.obj</name>
      </input_file>
      <input_file id="fl-22">
         <path>/home/embsys/ti/ccs930/ccs/tools/compiler/ti-cgt-msp430_18.12.4.LTS/lib/</path>
         <kind>archive</kind>
         <file>rts430x_lc_sd_eabi.lib</file>
         <name>div32s.asm.obj</name>
      </input_file>
      <input_file id="fl-23">
         <path>/home/embsys/ti/ccs930/ccs/tools/compiler/ti-cgt-msp430_18.12.4.LTS/lib/</path>
         <kind>archive</kind>
         <file>rts430x_lc_sd_eabi.lib</file>
         <name>div32u.asm.obj</name>
      </input_file>
      <input_file id="fl-24">
         <path>/home/embsys/ti/ccs930/ccs/tools/compiler/ti-cgt-msp430_18.12.4.LTS/lib/</path>
         <kind>archive</kind>
         <file>rts430x_lc_sd_eabi.lib</file>
         <name>int45.asm.obj</name>
      </input_file>
      <input_file id="fl-25">
         <path>/home/embsys/ti/ccs930/ccs/tools/compiler/ti-cgt-msp430_18.12.4.LTS/lib/</path>
         <kind>archive</kind>
         <file>rts430x_lc_sd_eabi.lib</file>
         <name>int49.asm.obj</name>
      </input_file>
      <input_file id="fl-26">
         <path>/home/embsys/ti/ccs930/ccs/tools/compiler/ti-cgt-msp430_18.12.4.LTS/lib/</path>
         <kind>archive</kind>
         <file>rts430x_lc_sd_eabi.lib</file>
         <name>int50.asm.obj</name>
      </input_file>
      <input_file id="fl-27">
         <path>/home/embsys/ti/ccs930/ccs/tools/compiler/ti-cgt-msp430_18.12.4.LTS/lib/</path>
         <kind>archive</kind>
         <file>rts430x_lc_sd_eabi.lib</file>
         <name>int51.asm.obj</name>
      </input_file>
      <input_file id="fl-28">
         <path>/home/embsys/ti/ccs930/ccs/tools/compiler/ti-cgt-msp430_18.12.4.LTS/lib/</path>
         <kind>archive</kind>
         <file>rts430x_lc_sd_eabi.lib</file>
         <name>int53.asm.obj</name>
      </input_file>
      <input_file id="fl-29">
         <path>/home/embsys/ti/ccs930/ccs/tools/compiler/ti-cgt-msp430_18.12.4.LTS/lib/</path>
         <kind>archive</kind>
         <file>rts430x_lc_sd_eabi.lib</file>
         <name>int54.asm.obj</name>
      </input_file>
      <input_file id="fl-2a">
         <path>/home/embsys/ti/ccs930/ccs/tools/compiler/ti-cgt-msp430_18.12.4.LTS/lib/</path>
         <kind>archive</kind>
         <file>rts430x_lc_sd_eabi.lib</file>
         <name>int55.asm.obj</name>
      </input_file>
      <input_file id="fl-2b">
         <path>/home/embsys/ti/ccs930/ccs/tools/compiler/ti-cgt-msp430_18.12.4.LTS/lib/</path>
         <kind>archive</kind>
         <file>rts430x_lc_sd_eabi.lib</file>
         <name>int57.asm.obj</name>
      </input_file>
      <input_file id="fl-2c">
         <path>/home/embsys/ti/ccs930/ccs/tools/compiler/ti-cgt-msp430_18.12.4.LTS/lib/</path>
         <kind>archive</kind>
         <file>rts430x_lc_sd_eabi.lib</file>
         <name>int58.asm.obj</name>
      </input_file>
      <input_file id="fl-2d">
         <path>/home/embsys/ti/ccs930/ccs/tools/compiler/ti-cgt-msp430_18.12.4.LTS/lib/</path>
         <kind>archive</kind>
         <file>rts430x_lc_sd_eabi.lib</file>
         <name>isr_trap.asm.obj</name>
      </input_file>
      <input_file id="fl-2e">
         <path>/home/embsys/ti/ccs930/ccs/tools/compiler/ti-cgt-msp430_18.12.4.LTS/lib/</path>
         <kind>archive</kind>
         <file>rts430x_lc_sd_eabi.lib</file>
         <name>mult16.asm.obj</name>
      </input_file>
      <input_file id="fl-2f">
         <path>/home/embsys/ti/ccs930/ccs/tools/compiler/ti-cgt-msp430_18.12.4.LTS/lib/</path>
         <kind>archive</kind>
         <file>rts430x_lc_sd_eabi.lib</file>
         <name>mult32.asm.obj</name>
      </input_file>
      <input_file id="fl-30">
         <path>/home/embsys/ti/ccs930/ccs/tools/compiler/ti-cgt-msp430_18.12.4.LTS/lib/</path>
         <kind>archive</kind>
         <file>rts430x_lc_sd_eabi.lib</file>
         <name>boot.c.obj</name>
      </input_file>
      <input_file id="fl-31">
         <path>/home/embsys/ti/ccs930/ccs/tools/compiler/ti-cgt-msp430_18.12.4.LTS/lib/</path>
         <kind>archive</kind>
         <file>rts430x_lc_sd_eabi.lib</file>
         <name>autoinit.c.obj</name>
      </input_file>
      <input_file id="fl-32">
         <path>/home/embsys/ti/ccs930/ccs/tools/compiler/ti-cgt-msp430_18.12.4.LTS/lib/</path>
         <kind>archive</kind>
         <file>rts430x_lc_sd_eabi.lib</file>
         <name>copy_zero_init.c.obj</name>
      </input_file>
      <input_file id="fl-33">
         <path>/home/embsys/ti/ccs930/ccs/tools/compiler/ti-cgt-msp430_18.12.4.LTS/lib/</path>
         <kind>archive</kind>
         <file>rts430x_lc_sd_eabi.lib</file>
         <name>cpy_tbl.c.obj</name>
      </input_file>
      <input_file id="fl-34">
         <path>/home/embsys/ti/ccs930/ccs/tools/compiler/ti-cgt-msp430_18.12.4.LTS/lib/</path>
         <kind>archive</kind>
         <file>rts430x_lc_sd_eabi.lib</file>
         <name>mpu_init.c.obj</name>
      </input_file>
      <input_file id="fl-35">
         <path>/home/embsys/ti/ccs930/ccs/tools/compiler/ti-cgt-msp430_18.12.4.LTS/lib/</path>
         <kind>archive</kind>
         <file>rts430x_lc_sd_eabi.lib</file>
         <name>pre_init.c.obj</name>
      </input_file>
      <input_file id="fl-36">
         <path>/home/embsys/ti/ccs930/ccs/tools/compiler/ti-cgt-msp430_18.12.4.LTS/lib/</path>
         <kind>archive</kind>
         <file>rts430x_lc_sd_eabi.lib</file>
         <name>startup.c.obj</name>
      </input_file>
      <input_file id="fl-37">
         <path>/home/embsys/ti/ccs930/ccs/tools/compiler/ti-cgt-msp430_18.12.4.LTS/lib/</path>
         <kind>archive</kind>
         <file>rts430x_lc_sd_eabi.lib</file>
         <name>copy_decompress_none.c.obj</name>
      </input_file>
      <input_file id="fl-38">
         <path>/home/embsys/ti/ccs930/ccs/tools/compiler/ti-cgt-msp430_18.12.4.LTS/lib/</path>
         <kind>archive</kind>
         <file>rts430x_lc_sd_eabi.lib</file>
         <name>copy_decompress_lzss.c.obj</name>
      </input_file>
      <input_file id="fl-39">
         <path>/home/embsys/ti/ccs930/ccs/tools/compiler/ti-cgt-msp430_18.12.4.LTS/lib/</path>
         <kind>archive</kind>
         <file>rts430x_lc_sd_eabi.lib</file>
         <name>exit.c.obj</name>
      </input_file>
      <input_file id="fl-3a">
         <path>/home/embsys/ti/ccs930/ccs/tools/compiler/ti-cgt-msp430_18.12.4.LTS/lib/</path>
         <kind>archive</kind>
         <file>rts430x_lc_sd_eabi.lib</file>
         <name>_lock.c.obj</name>
      </input_file>
      <input_file id="fl-3b">
         <path>/home/embsys/ti/ccs930/ccs/tools/compiler/ti-cgt-msp430_18.12.4.LTS/lib/</path>
         <kind>archive</kind>
         <file>rts430x_lc_sd_eabi.lib</file>
         <name>args_main.c.obj</name>
      </input_file>
      <input_file id="fl-3c">
         <path>/home/embsys/ti/ccs930/ccs/tools/compiler/ti-cgt-msp430_18.12.4.LTS/lib/</path>
         <kind>archive</kind>
         <file>rts430x_lc_sd_eabi.lib</file>
         <name>memcpy.c.obj</name>
      </input_file>
      <input_file id="fl-3d">
         <path>/home/embsys/ti/ccs930/ccs/tools/compiler/ti-cgt-msp430_18.12.4.LTS/lib/</path>
         <kind>archive</kind>
         <file>rts430x_lc_sd_eabi.lib</file>
         <name>strlen.c.obj</name>
      </input_file>
      <input_file id="fl-3e">
         <path>/home/embsys/ti/ccs930/ccs/tools/compiler/ti-cgt-msp430_18.12.4.LTS/lib/</path>
         <kind>archive</kind>
         <file>rts430x_lc_sd_eabi.lib</file>
         <name>cpy_util.asm.obj</name>
      </input_file>
      <input_file id="fl-3f">
         <path>/home/embsys/ti/ccs930/ccs/tools/compiler/ti-cgt-msp430_18.12.4.LTS/lib/</path>
         <kind>archive</kind>
         <file>rts430x_lc_sd_eabi.lib</file>
         <name>exit_gvars.c.obj</name>
      </input_file>
      <input_file id="fl-40">
         <path>/home/embsys/workspace_v9/DriverLib/Debug/</path>
         <kind>archive</kind>
         <file>DriverLib.lib</file>
         <name>adc.obj</name>
      </input_file>
      <input_file id="fl-41">
         <path>/home/embsys/workspace_v9/DriverLib/Debug/</path>
         <kind>archive</kind>
         <file>DriverLib.lib</file>
         <name>cs.obj</name>
      </input_file>
      <input_file id="fl-42">
         <path>/home/embsys/workspace_v9/DriverLib/Debug/</path>
         <kind>archive</kind>
         <file>DriverLib.lib</file>
         <name>gpio.obj</name>
      </input_file>
      <input_file id="fl-43">
         <path>/home/embsys/workspace_v9/DriverLib/Debug/</path>
         <kind>archive</kind>
         <file>DriverLib.lib</file>
         <name>lcd_e.obj</name>
      </input_file>
      <input_file id="fl-44">
         <path>/home/embsys/workspace_v9/DriverLib/Debug/</path>
         <kind>archive</kind>
         <file>DriverLib.lib</file>
         <name>pmm.obj</name>
      </input_file>
      <input_file id="fl-45">
         <path>/home/embsys/workspace_v9/DriverLib/Debug/</path>
         <kind>archive</kind>
         <file>DriverLib.lib</file>
         <name>rtc.obj</name>
      </input_file>
      <input_file id="fl-46">
         <path>/home/embsys/workspace_v9/DriverLib/Debug/</path>
         <kind>archive</kind>
         <file>DriverLib.lib</file>
         <name>timer_a.obj</name>
      </input_file>
      <input_file id="fl-47">
         <path>/home/embsys/workspace_v9/DriverLib/Debug/</path>
         <kind>archive</kind>
         <file>DriverLib.lib</file>
         <name>wdt_a.obj</name>
      </input_file>
      <input_file id="fl-48">
         <path>/home/embsys/ti/ccs930/ccs/tools/compiler/ti-cgt-msp430_18.12.4.LTS/lib/</path>
         <kind>archive</kind>
         <file>rts430x_lc_sd_eabi.lib</file>
         <name>lsl16.asm.obj</name>
      </input_file>
      <input_file id="fl-49">
         <path>/home/embsys/ti/ccs930/ccs/tools/compiler/ti-cgt-msp430_18.12.4.LTS/lib/</path>
         <kind>archive</kind>
         <file>rts430x_lc_sd_eabi.lib</file>
         <name>lsr16.asm.obj</name>
      </input_file>
   </input_file_list>
   <object_component_list>
      <object_component id="oc-691">
         <name>.cinit..data.load</name>
         <load_address>0xc400</load_address>
         <run_address>0xc400</run_address>
         <size>0x43</size>
      </object_component>
      <object_component id="oc-68f">
         <name>__TI_handler_table</name>
         <load_address>0xc444</load_address>
         <run_address>0xc444</run_address>
         <size>0x8</size>
      </object_component>
      <object_component id="oc-690">
         <name>__TI_cinit_table</name>
         <load_address>0xc44c</load_address>
         <run_address>0xc44c</run_address>
         <size>0x8</size>
      </object_component>
      <object_component id="oc-627">
         <name>.binit</name>
         <load_address>0xc454</load_address>
         <run_address>0xc454</run_address>
         <size>0x0</size>
      </object_component>
      <object_component id="oc-3da">
         <name>.const:.string</name>
         <load_address>0xc454</load_address>
         <run_address>0xc454</run_address>
         <size>0x40</size>
         <input_file_ref idref="fl-4"/>
      </object_component>
      <object_component id="oc-443">
         <name>.const:alphabetBig</name>
         <load_address>0xc494</load_address>
         <run_address>0xc494</run_address>
         <size>0x34</size>
         <input_file_ref idref="fl-3"/>
      </object_component>
      <object_component id="oc-54a">
         <name>.const:GPIO_PORT_TO_BASE</name>
         <load_address>0xc4c8</load_address>
         <run_address>0xc4c8</run_address>
         <size>0x1c</size>
         <input_file_ref idref="fl-42"/>
      </object_component>
      <object_component id="oc-446">
         <name>.const:digit</name>
         <load_address>0xc4e4</load_address>
         <run_address>0xc4e4</run_address>
         <size>0x14</size>
         <input_file_ref idref="fl-3"/>
      </object_component>
      <object_component id="oc-55d">
         <name>.const:.string</name>
         <load_address>0xc4f8</load_address>
         <run_address>0xc4f8</run_address>
         <size>0x10</size>
         <input_file_ref idref="fl-1"/>
      </object_component>
      <object_component id="oc-55b">
         <name>.const:.string</name>
         <load_address>0xc508</load_address>
         <run_address>0xc508</run_address>
         <size>0x10</size>
         <input_file_ref idref="fl-2"/>
      </object_component>
      <object_component id="oc-50b">
         <name>.const:LCD_E_INIT_PARAM</name>
         <load_address>0xc518</load_address>
         <run_address>0xc518</run_address>
         <size>0xa</size>
         <input_file_ref idref="fl-43"/>
      </object_component>
      <object_component id="oc-554">
         <name>.const:.string:$P$T0$1</name>
         <load_address>0xc522</load_address>
         <run_address>0xc522</run_address>
         <size>0x6</size>
         <input_file_ref idref="fl-3"/>
      </object_component>
      <object_component id="oc-38c">
         <name>.text:displayTime</name>
         <load_address>0xc528</load_address>
         <run_address>0xc528</run_address>
         <size>0x1a8</size>
         <input_file_ref idref="fl-1"/>
      </object_component>
      <object_component id="oc-34e">
         <name>.text:main</name>
         <load_address>0xc6d0</load_address>
         <run_address>0xc6d0</run_address>
         <size>0x184</size>
         <input_file_ref idref="fl-4"/>
      </object_component>
      <object_component id="oc-3b6">
         <name>.text:tempSensor</name>
         <load_address>0xc854</load_address>
         <run_address>0xc854</run_address>
         <size>0x172</size>
         <input_file_ref idref="fl-2"/>
      </object_component>
      <object_component id="oc-3b0">
         <name>.text:Init_GPIO</name>
         <load_address>0xc9c6</load_address>
         <run_address>0xc9c6</run_address>
         <size>0x116</size>
         <input_file_ref idref="fl-4"/>
      </object_component>
      <object_component id="oc-64">
         <name>.text:decompress:lzss:__TI_decompress_lzss</name>
         <load_address>0xcadc</load_address>
         <run_address>0xcadc</run_address>
         <size>0xee</size>
         <input_file_ref idref="fl-38"/>
      </object_component>
      <object_component id="oc-3db">
         <name>.text:displayScrollText</name>
         <load_address>0xcbca</load_address>
         <run_address>0xcbca</run_address>
         <size>0xe4</size>
         <input_file_ref idref="fl-3"/>
      </object_component>
      <object_component id="oc-306">
         <name>.text:displayTemp</name>
         <load_address>0xccae</load_address>
         <run_address>0xccae</run_address>
         <size>0xe0</size>
         <input_file_ref idref="fl-2"/>
      </object_component>
      <object_component id="oc-2b3">
         <name>.text:_isr:TIMER0_A0_ISR</name>
         <load_address>0xcd8e</load_address>
         <run_address>0xcd8e</run_address>
         <size>0xce</size>
         <input_file_ref idref="fl-4"/>
      </object_component>
      <object_component id="oc-29b">
         <name>.text:_isr:PORT2_ISR</name>
         <load_address>0xce5c</load_address>
         <run_address>0xce5c</run_address>
         <size>0xcc</size>
         <input_file_ref idref="fl-4"/>
      </object_component>
      <object_component id="oc-3ce">
         <name>.text:Init_LCD</name>
         <load_address>0xcf28</load_address>
         <run_address>0xcf28</run_address>
         <size>0xca</size>
         <input_file_ref idref="fl-3"/>
      </object_component>
      <object_component id="oc-538">
         <name>.text:LCD_E_setPinAsCOM</name>
         <load_address>0xcff2</load_address>
         <run_address>0xcff2</run_address>
         <size>0x9e</size>
         <input_file_ref idref="fl-43"/>
      </object_component>
      <object_component id="oc-4f6">
         <name>.text:Inc_RTC</name>
         <load_address>0xd090</load_address>
         <run_address>0xd090</run_address>
         <size>0x90</size>
         <input_file_ref idref="fl-1"/>
      </object_component>
      <object_component id="oc-505">
         <name>.text:LCD_E_setPinAsLCDFunctionEx</name>
         <load_address>0xd120</load_address>
         <run_address>0xd120</run_address>
         <size>0x80</size>
         <input_file_ref idref="fl-43"/>
      </object_component>
      <object_component id="oc-3f3">
         <name>.text:stopWatchModeInit</name>
         <load_address>0xd1a0</load_address>
         <run_address>0xd1a0</run_address>
         <size>0x80</size>
         <input_file_ref idref="fl-1"/>
      </object_component>
      <object_component id="oc-37b">
         <name>.text:showChar</name>
         <load_address>0xd220</load_address>
         <run_address>0xd220</run_address>
         <size>0x7a</size>
         <input_file_ref idref="fl-3"/>
      </object_component>
      <object_component id="oc-2ad">
         <name>.text:_isr:RTC_ISR</name>
         <load_address>0xd29a</load_address>
         <run_address>0xd29a</run_address>
         <size>0x76</size>
         <input_file_ref idref="fl-4"/>
      </object_component>
      <object_component id="oc-2a1">
         <name>.text:_isr:PORT1_ISR</name>
         <load_address>0xd310</load_address>
         <run_address>0xd310</run_address>
         <size>0x74</size>
         <input_file_ref idref="fl-4"/>
      </object_component>
      <object_component id="oc-41e">
         <name>.text:__TI_auto_init_nobinit_nopinit_hold_wdt:__TI_auto_init_nobinit_nopinit_hold_wdt</name>
         <load_address>0xd384</load_address>
         <run_address>0xd384</run_address>
         <size>0x6a</size>
         <input_file_ref idref="fl-31"/>
      </object_component>
      <object_component id="oc-315">
         <name>.text:Timer_A_initUpMode</name>
         <load_address>0xd3ee</load_address>
         <run_address>0xd3ee</run_address>
         <size>0x5c</size>
         <input_file_ref idref="fl-46"/>
      </object_component>
      <object_component id="oc-5b3">
         <name>.text</name>
         <load_address>0xd44a</load_address>
         <run_address>0xd44a</run_address>
         <size>0x58</size>
         <input_file_ref idref="fl-23"/>
      </object_component>
      <object_component id="oc-3bc">
         <name>.text:stopWatch</name>
         <load_address>0xd4a2</load_address>
         <run_address>0xd4a2</run_address>
         <size>0x4e</size>
         <input_file_ref idref="fl-1"/>
      </object_component>
      <object_component id="oc-28a">
         <name>.text:__memcpy_far</name>
         <load_address>0xd4f0</load_address>
         <run_address>0xd4f0</run_address>
         <size>0x40</size>
         <input_file_ref idref="fl-3e"/>
      </object_component>
      <object_component id="oc-4d2">
         <name>.text</name>
         <load_address>0xd530</load_address>
         <run_address>0xd530</run_address>
         <size>0x40</size>
         <input_file_ref idref="fl-22"/>
      </object_component>
      <object_component id="oc-375">
         <name>.text:clearLCD</name>
         <load_address>0xd570</load_address>
         <run_address>0xd570</run_address>
         <size>0x3e</size>
         <input_file_ref idref="fl-3"/>
      </object_component>
      <object_component id="oc-6a">
         <name>.text:decompress:none:__TI_decompress_none</name>
         <load_address>0xd5ae</load_address>
         <run_address>0xd5ae</run_address>
         <size>0x3c</size>
         <input_file_ref idref="fl-37"/>
      </object_component>
      <object_component id="oc-48c">
         <name>.text:ADC_init</name>
         <load_address>0xd5ea</load_address>
         <run_address>0xd5ea</run_address>
         <size>0x34</size>
         <input_file_ref idref="fl-40"/>
      </object_component>
      <object_component id="oc-47f">
         <name>.text:GPIO_setAsPeripheralModuleFunctionInputPin</name>
         <load_address>0xd61e</load_address>
         <run_address>0xd61e</run_address>
         <size>0x34</size>
         <input_file_ref idref="fl-42"/>
      </object_component>
      <object_component id="oc-498">
         <name>.text:ADC_configureMemory</name>
         <load_address>0xd652</load_address>
         <run_address>0xd652</run_address>
         <size>0x30</size>
         <input_file_ref idref="fl-40"/>
      </object_component>
      <object_component id="oc-4fd">
         <name>.text:CS_turnOnXT1LF</name>
         <load_address>0xd682</load_address>
         <run_address>0xd682</run_address>
         <size>0x30</size>
         <input_file_ref idref="fl-41"/>
      </object_component>
      <object_component id="oc-4bc">
         <name>.text:Timer_A_initCompareMode</name>
         <load_address>0xd6b2</load_address>
         <run_address>0xd6b2</run_address>
         <size>0x2e</size>
         <input_file_ref idref="fl-46"/>
      </object_component>
      <object_component id="oc-30c">
         <name>.text:resetStopWatch</name>
         <load_address>0xd6e0</load_address>
         <run_address>0xd6e0</run_address>
         <size>0x2e</size>
         <input_file_ref idref="fl-1"/>
      </object_component>
      <object_component id="oc-381">
         <name>.text</name>
         <load_address>0xd70e</load_address>
         <run_address>0xd70e</run_address>
         <size>0x2c</size>
         <input_file_ref idref="fl-20"/>
      </object_component>
      <object_component id="oc-514">
         <name>.text:LCD_E_init</name>
         <load_address>0xd73a</load_address>
         <run_address>0xd73a</run_address>
         <size>0x28</size>
         <input_file_ref idref="fl-43"/>
      </object_component>
      <object_component id="oc-4c8">
         <name>.text</name>
         <load_address>0xd762</load_address>
         <run_address>0xd762</run_address>
         <size>0x26</size>
         <input_file_ref idref="fl-2f"/>
      </object_component>
      <object_component id="oc-3ed">
         <name>.text:tempSensorModeInit</name>
         <load_address>0xd788</load_address>
         <run_address>0xd788</run_address>
         <size>0x26</size>
         <input_file_ref idref="fl-2"/>
      </object_component>
      <object_component id="oc-473">
         <name>.text:GPIO_setAsInputPinWithPullUpResistor</name>
         <load_address>0xd7ae</load_address>
         <run_address>0xd7ae</run_address>
         <size>0x22</size>
         <input_file_ref idref="fl-42"/>
      </object_component>
      <object_component id="oc-4d7">
         <name>.text:ADC_disableConversions</name>
         <load_address>0xd7d0</load_address>
         <run_address>0xd7d0</run_address>
         <size>0x20</size>
         <input_file_ref idref="fl-40"/>
      </object_component>
      <object_component id="oc-46d">
         <name>.text:GPIO_selectInterruptEdge</name>
         <load_address>0xd7f0</load_address>
         <run_address>0xd7f0</run_address>
         <size>0x20</size>
         <input_file_ref idref="fl-42"/>
      </object_component>
      <object_component id="oc-5c5">
         <name>.text:setLCDFunction</name>
         <load_address>0xd810</load_address>
         <run_address>0xd810</run_address>
         <size>0x20</size>
         <input_file_ref idref="fl-43"/>
      </object_component>
      <object_component id="oc-467">
         <name>.text:GPIO_setAsInputPin</name>
         <load_address>0xd830</load_address>
         <run_address>0xd830</run_address>
         <size>0x1e</size>
         <input_file_ref idref="fl-42"/>
      </object_component>
      <object_component id="oc-2a7">
         <name>.text:_isr:ADC_ISR</name>
         <load_address>0xd84e</load_address>
         <run_address>0xd84e</run_address>
         <size>0x1e</size>
         <input_file_ref idref="fl-4"/>
      </object_component>
      <object_component id="oc-2cb">
         <name>.text:_isr:_c_int00_noargs</name>
         <load_address>0xd86c</load_address>
         <run_address>0xd86c</run_address>
         <size>0x1c</size>
         <input_file_ref idref="fl-30"/>
      </object_component>
      <object_component id="oc-461">
         <name>.text:GPIO_setAsOutputPin</name>
         <load_address>0xd888</load_address>
         <run_address>0xd888</run_address>
         <size>0x1a</size>
         <input_file_ref idref="fl-42"/>
      </object_component>
      <object_component id="oc-3c8">
         <name>.text:Init_RTC</name>
         <load_address>0xd8a2</load_address>
         <run_address>0xd8a2</run_address>
         <size>0x18</size>
         <input_file_ref idref="fl-4"/>
      </object_component>
      <object_component id="oc-3d4">
         <name>.text:GPIO_clearInterrupt</name>
         <load_address>0xd8ba</load_address>
         <run_address>0xd8ba</run_address>
         <size>0x16</size>
         <input_file_ref idref="fl-42"/>
      </object_component>
      <object_component id="oc-479">
         <name>.text:GPIO_enableInterrupt</name>
         <load_address>0xd8d0</load_address>
         <run_address>0xd8d0</run_address>
         <size>0x16</size>
         <input_file_ref idref="fl-42"/>
      </object_component>
      <object_component id="oc-45b">
         <name>.text:GPIO_setOutputLowOnPin</name>
         <load_address>0xd8e6</load_address>
         <run_address>0xd8e6</run_address>
         <size>0x16</size>
         <input_file_ref idref="fl-42"/>
      </object_component>
      <object_component id="oc-3aa">
         <name>.text:WDT_A_hold</name>
         <load_address>0xd8fc</load_address>
         <run_address>0xd8fc</run_address>
         <size>0x16</size>
         <input_file_ref idref="fl-47"/>
      </object_component>
      <object_component id="oc-44a">
         <name>.text</name>
         <load_address>0xd912</load_address>
         <run_address>0xd912</run_address>
         <size>0x16</size>
         <input_file_ref idref="fl-21"/>
      </object_component>
      <object_component id="oc-4cd">
         <name>.text</name>
         <load_address>0xd928</load_address>
         <run_address>0xd928</run_address>
         <size>0x14</size>
         <input_file_ref idref="fl-2e"/>
      </object_component>
      <object_component id="oc-4a4">
         <name>.text:ADC_startConversion</name>
         <load_address>0xd93c</load_address>
         <run_address>0xd93c</run_address>
         <size>0x12</size>
         <input_file_ref idref="fl-40"/>
      </object_component>
      <object_component id="oc-51a">
         <name>.text:LCD_E_setVLCDSource</name>
         <load_address>0xd94e</load_address>
         <run_address>0xd94e</run_address>
         <size>0x12</size>
         <input_file_ref idref="fl-43"/>
      </object_component>
      <object_component id="oc-4ef">
         <name>.text:PMM_turnOffRegulator</name>
         <load_address>0xd960</load_address>
         <run_address>0xd960</run_address>
         <size>0x12</size>
         <input_file_ref idref="fl-44"/>
      </object_component>
      <object_component id="oc-322">
         <name>.text:RTC_start</name>
         <load_address>0xd972</load_address>
         <run_address>0xd972</run_address>
         <size>0x12</size>
         <input_file_ref idref="fl-45"/>
      </object_component>
      <object_component id="oc-50e">
         <name>.text:memcpy</name>
         <load_address>0xd984</load_address>
         <run_address>0xd984</run_address>
         <size>0x12</size>
         <input_file_ref idref="fl-3c"/>
      </object_component>
      <object_component id="oc-4e3">
         <name>.text:PMM_disableInternalReference</name>
         <load_address>0xd996</load_address>
         <run_address>0xd996</run_address>
         <size>0x10</size>
         <input_file_ref idref="fl-44"/>
      </object_component>
      <object_component id="oc-4e9">
         <name>.text:PMM_disableTempSensor</name>
         <load_address>0xd9a6</load_address>
         <run_address>0xd9a6</run_address>
         <size>0x10</size>
         <input_file_ref idref="fl-44"/>
      </object_component>
      <object_component id="oc-4aa">
         <name>.text:PMM_enableInternalReference</name>
         <load_address>0xd9b6</load_address>
         <run_address>0xd9b6</run_address>
         <size>0x10</size>
         <input_file_ref idref="fl-44"/>
      </object_component>
      <object_component id="oc-4b0">
         <name>.text:PMM_enableTempSensor</name>
         <load_address>0xd9c6</load_address>
         <run_address>0xd9c6</run_address>
         <size>0x10</size>
         <input_file_ref idref="fl-44"/>
      </object_component>
      <object_component id="oc-54e">
         <name>.text:strlen</name>
         <load_address>0xd9d6</load_address>
         <run_address>0xd9d6</run_address>
         <size>0xe</size>
         <input_file_ref idref="fl-3d"/>
      </object_component>
      <object_component id="oc-53e">
         <name>.text:LCD_E_on</name>
         <load_address>0xd9e4</load_address>
         <run_address>0xd9e4</run_address>
         <size>0xc</size>
         <input_file_ref idref="fl-43"/>
      </object_component>
      <object_component id="oc-52c">
         <name>.text:LCD_E_setChargePumpFreq</name>
         <load_address>0xd9f0</load_address>
         <run_address>0xd9f0</run_address>
         <size>0xc</size>
         <input_file_ref idref="fl-43"/>
      </object_component>
      <object_component id="oc-520">
         <name>.text:LCD_E_setVLCDVoltage</name>
         <load_address>0xd9fc</load_address>
         <run_address>0xd9fc</run_address>
         <size>0xc</size>
         <input_file_ref idref="fl-43"/>
      </object_component>
      <object_component id="oc-3c2">
         <name>.text:Init_Clock</name>
         <load_address>0xda08</load_address>
         <run_address>0xda08</run_address>
         <size>0xa</size>
         <input_file_ref idref="fl-4"/>
      </object_component>
      <object_component id="oc-3e1">
         <name>.text:LCD_E_selectDisplayMemory</name>
         <load_address>0xda12</load_address>
         <run_address>0xda12</run_address>
         <size>0xa</size>
         <input_file_ref idref="fl-43"/>
      </object_component>
      <object_component id="oc-3e7">
         <name>.text:RTC_enableInterrupt</name>
         <load_address>0xda1c</load_address>
         <run_address>0xda1c</run_address>
         <size>0xa</size>
         <input_file_ref idref="fl-45"/>
      </object_component>
      <object_component id="oc-5a1">
         <name>.text</name>
         <load_address>0xda26</load_address>
         <run_address>0xda26</run_address>
         <size>0xa</size>
         <input_file_ref idref="fl-48"/>
      </object_component>
      <object_component id="oc-5c0">
         <name>.text</name>
         <load_address>0xda30</load_address>
         <run_address>0xda30</run_address>
         <size>0xa</size>
         <input_file_ref idref="fl-49"/>
      </object_component>
      <object_component id="oc-329">
         <name>.text:ADC_clearInterrupt</name>
         <load_address>0xda3a</load_address>
         <run_address>0xda3a</run_address>
         <size>0x8</size>
         <input_file_ref idref="fl-40"/>
      </object_component>
      <object_component id="oc-4dd">
         <name>.text:ADC_disable</name>
         <load_address>0xda42</load_address>
         <run_address>0xda42</run_address>
         <size>0x8</size>
         <input_file_ref idref="fl-40"/>
      </object_component>
      <object_component id="oc-492">
         <name>.text:ADC_enable</name>
         <load_address>0xda4a</load_address>
         <run_address>0xda4a</run_address>
         <size>0x8</size>
         <input_file_ref idref="fl-40"/>
      </object_component>
      <object_component id="oc-49e">
         <name>.text:ADC_enableInterrupt</name>
         <load_address>0xda52</load_address>
         <run_address>0xda52</run_address>
         <size>0x8</size>
         <input_file_ref idref="fl-40"/>
      </object_component>
      <object_component id="oc-526">
         <name>.text:LCD_E_enableChargePump</name>
         <load_address>0xda5a</load_address>
         <run_address>0xda5a</run_address>
         <size>0x8</size>
         <input_file_ref idref="fl-43"/>
      </object_component>
      <object_component id="oc-31c">
         <name>.text:RTC_stop</name>
         <load_address>0xda62</load_address>
         <run_address>0xda62</run_address>
         <size>0x8</size>
         <input_file_ref idref="fl-45"/>
      </object_component>
      <object_component id="oc-33a">
         <name>.text:Timer_A_stop</name>
         <load_address>0xda6a</load_address>
         <run_address>0xda6a</run_address>
         <size>0x8</size>
         <input_file_ref idref="fl-46"/>
      </object_component>
      <object_component id="oc-296">
         <name>.text:_isr:__TI_ISR_TRAP</name>
         <load_address>0xda72</load_address>
         <run_address>0xda72</run_address>
         <size>0x8</size>
         <input_file_ref idref="fl-2d"/>
      </object_component>
      <object_component id="oc-532">
         <name>.text:LCD_E_clearAllMemory</name>
         <load_address>0xda7a</load_address>
         <run_address>0xda7a</run_address>
         <size>0x6</size>
         <input_file_ref idref="fl-43"/>
      </object_component>
      <object_component id="oc-485">
         <name>.text:PMM_unlockLPM5</name>
         <load_address>0xda80</load_address>
         <run_address>0xda80</run_address>
         <size>0x6</size>
         <input_file_ref idref="fl-44"/>
      </object_component>
      <object_component id="oc-333">
         <name>.text:RTC_setModulo</name>
         <load_address>0xda86</load_address>
         <run_address>0xda86</run_address>
         <size>0x6</size>
         <input_file_ref idref="fl-45"/>
      </object_component>
      <object_component id="oc-4c2">
         <name>.text:Timer_A_startCounter</name>
         <load_address>0xda8c</load_address>
         <run_address>0xda8c</run_address>
         <size>0x6</size>
         <input_file_ref idref="fl-46"/>
      </object_component>
      <object_component id="oc-3fa">
         <name>.text:abort</name>
         <load_address>0xda92</load_address>
         <run_address>0xda92</run_address>
         <size>0x6</size>
         <input_file_ref idref="fl-39"/>
      </object_component>
      <object_component id="oc-348">
         <name>.text:_system_pre_init</name>
         <load_address>0xda98</load_address>
         <run_address>0xda98</run_address>
         <size>0x4</size>
         <input_file_ref idref="fl-35"/>
      </object_component>
      <object_component id="oc-571">
         <name>.text:_system_post_cinit</name>
         <load_address>0xda9c</load_address>
         <run_address>0xda9c</run_address>
         <size>0x2</size>
         <input_file_ref idref="fl-36"/>
      </object_component>
      <object_component id="oc-330">
         <name>.data</name>
         <load_address>0x2028</load_address>
         <run_address>0x2028</run_address>
         <size>0xa</size>
         <input_file_ref idref="fl-1"/>
      </object_component>
      <object_component id="oc-303">
         <name>.data</name>
         <load_address>0x203a</load_address>
         <run_address>0x203a</run_address>
         <size>0x6</size>
         <input_file_ref idref="fl-2"/>
      </object_component>
      <object_component id="oc-4b6">
         <name>.data:initUpParam_A1</name>
         <load_address>0x200e</load_address>
         <run_address>0x200e</run_address>
         <size>0xe</size>
         <input_file_ref idref="fl-2"/>
      </object_component>
      <object_component id="oc-4b9">
         <name>.data:initCompParam</name>
         <load_address>0x2032</load_address>
         <run_address>0x2032</run_address>
         <size>0x8</size>
         <input_file_ref idref="fl-2"/>
      </object_component>
      <object_component id="oc-300">
         <name>.data</name>
         <load_address>0x201c</load_address>
         <run_address>0x201c</run_address>
         <size>0xc</size>
         <input_file_ref idref="fl-4"/>
      </object_component>
      <object_component id="oc-312">
         <name>.data:initUpParam_A0</name>
         <load_address>0x2000</load_address>
         <run_address>0x2000</run_address>
         <size>0xe</size>
         <input_file_ref idref="fl-4"/>
      </object_component>
      <object_component id="oc-27b">
         <name>.stack</name>
         <uninitialized>true</uninitialized>
         <run_address>0x2760</run_address>
         <size>0x2</size>
         <input_file_ref idref="fl-30"/>
      </object_component>
      <object_component id="oc-692">
         <name>.stack</name>
         <uninitialized>true</uninitialized>
         <run_address>0x2760</run_address>
         <size>0x0</size>
      </object_component>
      <object_component id="oc-70">
         <name>.int45</name>
         <load_address>0xffe2</load_address>
         <run_address>0xffe2</run_address>
         <size>0x2</size>
         <input_file_ref idref="fl-24"/>
      </object_component>
      <object_component id="oc-71">
         <name>.int46</name>
         <load_address>0xffe4</load_address>
         <run_address>0xffe4</run_address>
         <size>0x2</size>
         <input_file_ref idref="fl-4"/>
      </object_component>
      <object_component id="oc-72">
         <name>.int47</name>
         <load_address>0xffe6</load_address>
         <run_address>0xffe6</run_address>
         <size>0x2</size>
         <input_file_ref idref="fl-4"/>
      </object_component>
      <object_component id="oc-73">
         <name>.int48</name>
         <load_address>0xffe8</load_address>
         <run_address>0xffe8</run_address>
         <size>0x2</size>
         <input_file_ref idref="fl-4"/>
      </object_component>
      <object_component id="oc-74">
         <name>.int49</name>
         <load_address>0xffea</load_address>
         <run_address>0xffea</run_address>
         <size>0x2</size>
         <input_file_ref idref="fl-25"/>
      </object_component>
      <object_component id="oc-75">
         <name>.int50</name>
         <load_address>0xffec</load_address>
         <run_address>0xffec</run_address>
         <size>0x2</size>
         <input_file_ref idref="fl-26"/>
      </object_component>
      <object_component id="oc-76">
         <name>.int51</name>
         <load_address>0xffee</load_address>
         <run_address>0xffee</run_address>
         <size>0x2</size>
         <input_file_ref idref="fl-27"/>
      </object_component>
      <object_component id="oc-77">
         <name>.int52</name>
         <load_address>0xfff0</load_address>
         <run_address>0xfff0</run_address>
         <size>0x2</size>
         <input_file_ref idref="fl-4"/>
      </object_component>
      <object_component id="oc-78">
         <name>.int53</name>
         <load_address>0xfff2</load_address>
         <run_address>0xfff2</run_address>
         <size>0x2</size>
         <input_file_ref idref="fl-28"/>
      </object_component>
      <object_component id="oc-79">
         <name>.int54</name>
         <load_address>0xfff4</load_address>
         <run_address>0xfff4</run_address>
         <size>0x2</size>
         <input_file_ref idref="fl-29"/>
      </object_component>
      <object_component id="oc-7a">
         <name>.int55</name>
         <load_address>0xfff6</load_address>
         <run_address>0xfff6</run_address>
         <size>0x2</size>
         <input_file_ref idref="fl-2a"/>
      </object_component>
      <object_component id="oc-7b">
         <name>.int56</name>
         <load_address>0xfff8</load_address>
         <run_address>0xfff8</run_address>
         <size>0x2</size>
         <input_file_ref idref="fl-4"/>
      </object_component>
      <object_component id="oc-7c">
         <name>.int57</name>
         <load_address>0xfffa</load_address>
         <run_address>0xfffa</run_address>
         <size>0x2</size>
         <input_file_ref idref="fl-2b"/>
      </object_component>
      <object_component id="oc-7d">
         <name>.int58</name>
         <load_address>0xfffc</load_address>
         <run_address>0xfffc</run_address>
         <size>0x2</size>
         <input_file_ref idref="fl-2c"/>
      </object_component>
      <object_component id="oc-27e">
         <name>.reset</name>
         <load_address>0xfffe</load_address>
         <run_address>0xfffe</run_address>
         <size>0x2</size>
         <input_file_ref idref="fl-30"/>
      </object_component>
      <object_component id="oc-3a6">
         <name>.debug_info</name>
         <load_address>0x0</load_address>
         <run_address>0x0</run_address>
         <size>0x57f</size>
         <input_file_ref idref="fl-1"/>
      </object_component>
      <object_component id="oc-331">
         <name>.debug_info</name>
         <load_address>0x57f</load_address>
         <run_address>0x57f</run_address>
         <size>0x150</size>
         <input_file_ref idref="fl-1"/>
      </object_component>
      <object_component id="oc-38d">
         <name>.debug_info</name>
         <load_address>0x6cf</load_address>
         <run_address>0x6cf</run_address>
         <size>0x2ba</size>
         <input_file_ref idref="fl-1"/>
      </object_component>
      <object_component id="oc-30d">
         <name>.debug_info</name>
         <load_address>0x989</load_address>
         <run_address>0x989</run_address>
         <size>0x12e</size>
         <input_file_ref idref="fl-1"/>
      </object_component>
      <object_component id="oc-3f4">
         <name>.debug_info</name>
         <load_address>0xab7</load_address>
         <run_address>0xab7</run_address>
         <size>0x227</size>
         <input_file_ref idref="fl-1"/>
      </object_component>
      <object_component id="oc-4f7">
         <name>.debug_info</name>
         <load_address>0xcde</load_address>
         <run_address>0xcde</run_address>
         <size>0x170</size>
         <input_file_ref idref="fl-1"/>
      </object_component>
      <object_component id="oc-3bd">
         <name>.debug_info</name>
         <load_address>0xe4e</load_address>
         <run_address>0xe4e</run_address>
         <size>0x13b</size>
         <input_file_ref idref="fl-1"/>
      </object_component>
      <object_component id="oc-43b">
         <name>.debug_info</name>
         <load_address>0xf89</load_address>
         <run_address>0xf89</run_address>
         <size>0x26b</size>
         <input_file_ref idref="fl-1"/>
      </object_component>
      <object_component id="oc-545">
         <name>.debug_info</name>
         <load_address>0x11f4</load_address>
         <run_address>0x11f4</run_address>
         <size>0x9e</size>
         <input_file_ref idref="fl-1"/>
      </object_component>
      <object_component id="oc-395">
         <name>.debug_info</name>
         <load_address>0x1292</load_address>
         <run_address>0x1292</run_address>
         <size>0x392</size>
         <input_file_ref idref="fl-1"/>
      </object_component>
      <object_component id="oc-387">
         <name>.debug_info</name>
         <load_address>0x1624</load_address>
         <run_address>0x1624</run_address>
         <size>0x8b</size>
         <input_file_ref idref="fl-1"/>
      </object_component>
      <object_component id="oc-451">
         <name>.debug_info</name>
         <load_address>0x16af</load_address>
         <run_address>0x16af</run_address>
         <size>0x275</size>
         <input_file_ref idref="fl-1"/>
      </object_component>
      <object_component id="oc-39b">
         <name>.debug_info</name>
         <load_address>0x1924</load_address>
         <run_address>0x1924</run_address>
         <size>0xbb</size>
         <input_file_ref idref="fl-1"/>
      </object_component>
      <object_component id="oc-374">
         <name>.debug_info</name>
         <load_address>0x19df</load_address>
         <run_address>0x19df</run_address>
         <size>0x722</size>
         <input_file_ref idref="fl-2"/>
      </object_component>
      <object_component id="oc-304">
         <name>.debug_info</name>
         <load_address>0x2101</load_address>
         <run_address>0x2101</run_address>
         <size>0x107</size>
         <input_file_ref idref="fl-2"/>
      </object_component>
      <object_component id="oc-4b7">
         <name>.debug_info</name>
         <load_address>0x2208</load_address>
         <run_address>0x2208</run_address>
         <size>0xe1</size>
         <input_file_ref idref="fl-2"/>
      </object_component>
      <object_component id="oc-4ba">
         <name>.debug_info</name>
         <load_address>0x22e9</load_address>
         <run_address>0x22e9</run_address>
         <size>0xdf</size>
         <input_file_ref idref="fl-2"/>
      </object_component>
      <object_component id="oc-3ee">
         <name>.debug_info</name>
         <load_address>0x23c8</load_address>
         <run_address>0x23c8</run_address>
         <size>0x167</size>
         <input_file_ref idref="fl-2"/>
      </object_component>
      <object_component id="oc-307">
         <name>.debug_info</name>
         <load_address>0x252f</load_address>
         <run_address>0x252f</run_address>
         <size>0x21d</size>
         <input_file_ref idref="fl-2"/>
      </object_component>
      <object_component id="oc-3b7">
         <name>.debug_info</name>
         <load_address>0x274c</load_address>
         <run_address>0x274c</run_address>
         <size>0x32c</size>
         <input_file_ref idref="fl-2"/>
      </object_component>
      <object_component id="oc-558">
         <name>.debug_info</name>
         <load_address>0x2a78</load_address>
         <run_address>0x2a78</run_address>
         <size>0x491</size>
         <input_file_ref idref="fl-3"/>
      </object_component>
      <object_component id="oc-447">
         <name>.debug_info</name>
         <load_address>0x2f09</load_address>
         <run_address>0x2f09</run_address>
         <size>0xc8</size>
         <input_file_ref idref="fl-3"/>
      </object_component>
      <object_component id="oc-444">
         <name>.debug_info</name>
         <load_address>0x2fd1</load_address>
         <run_address>0x2fd1</run_address>
         <size>0xd4</size>
         <input_file_ref idref="fl-3"/>
      </object_component>
      <object_component id="oc-555">
         <name>.debug_info</name>
         <load_address>0x30a5</load_address>
         <run_address>0x30a5</run_address>
         <size>0xcb</size>
         <input_file_ref idref="fl-3"/>
      </object_component>
      <object_component id="oc-37c">
         <name>.debug_info</name>
         <load_address>0x3170</load_address>
         <run_address>0x3170</run_address>
         <size>0x15a</size>
         <input_file_ref idref="fl-3"/>
      </object_component>
      <object_component id="oc-3dc">
         <name>.debug_info</name>
         <load_address>0x32ca</load_address>
         <run_address>0x32ca</run_address>
         <size>0x210</size>
         <input_file_ref idref="fl-3"/>
      </object_component>
      <object_component id="oc-376">
         <name>.debug_info</name>
         <load_address>0x34da</load_address>
         <run_address>0x34da</run_address>
         <size>0xfe</size>
         <input_file_ref idref="fl-3"/>
      </object_component>
      <object_component id="oc-3cf">
         <name>.debug_info</name>
         <load_address>0x35d8</load_address>
         <run_address>0x35d8</run_address>
         <size>0x298</size>
         <input_file_ref idref="fl-3"/>
      </object_component>
      <object_component id="oc-5d1">
         <name>.debug_info</name>
         <load_address>0x3870</load_address>
         <run_address>0x3870</run_address>
         <size>0x2c</size>
         <input_file_ref idref="fl-3"/>
      </object_component>
      <object_component id="oc-371">
         <name>.debug_info</name>
         <load_address>0x389c</load_address>
         <run_address>0x389c</run_address>
         <size>0x99d</size>
         <input_file_ref idref="fl-4"/>
      </object_component>
      <object_component id="oc-301">
         <name>.debug_info</name>
         <load_address>0x4239</load_address>
         <run_address>0x4239</run_address>
         <size>0x1ac</size>
         <input_file_ref idref="fl-4"/>
      </object_component>
      <object_component id="oc-313">
         <name>.debug_info</name>
         <load_address>0x43e5</load_address>
         <run_address>0x43e5</run_address>
         <size>0xd7</size>
         <input_file_ref idref="fl-4"/>
      </object_component>
      <object_component id="oc-3b1">
         <name>.debug_info</name>
         <load_address>0x44bc</load_address>
         <run_address>0x44bc</run_address>
         <size>0x40c</size>
         <input_file_ref idref="fl-4"/>
      </object_component>
      <object_component id="oc-3c3">
         <name>.debug_info</name>
         <load_address>0x48c8</load_address>
         <run_address>0x48c8</run_address>
         <size>0x10e</size>
         <input_file_ref idref="fl-4"/>
      </object_component>
      <object_component id="oc-3c9">
         <name>.debug_info</name>
         <load_address>0x49d6</load_address>
         <run_address>0x49d6</run_address>
         <size>0x123</size>
         <input_file_ref idref="fl-4"/>
      </object_component>
      <object_component id="oc-34f">
         <name>.debug_info</name>
         <load_address>0x4af9</load_address>
         <run_address>0x4af9</run_address>
         <size>0x2a8</size>
         <input_file_ref idref="fl-4"/>
      </object_component>
      <object_component id="oc-2b4">
         <name>.debug_info</name>
         <load_address>0x4da1</load_address>
         <run_address>0x4da1</run_address>
         <size>0x138</size>
         <input_file_ref idref="fl-4"/>
      </object_component>
      <object_component id="oc-2ae">
         <name>.debug_info</name>
         <load_address>0x4ed9</load_address>
         <run_address>0x4ed9</run_address>
         <size>0x11f</size>
         <input_file_ref idref="fl-4"/>
      </object_component>
      <object_component id="oc-29c">
         <name>.debug_info</name>
         <load_address>0x4ff8</load_address>
         <run_address>0x4ff8</run_address>
         <size>0x13b</size>
         <input_file_ref idref="fl-4"/>
      </object_component>
      <object_component id="oc-2a2">
         <name>.debug_info</name>
         <load_address>0x5133</load_address>
         <run_address>0x5133</run_address>
         <size>0x131</size>
         <input_file_ref idref="fl-4"/>
      </object_component>
      <object_component id="oc-2a8">
         <name>.debug_info</name>
         <load_address>0x5264</load_address>
         <run_address>0x5264</run_address>
         <size>0x110</size>
         <input_file_ref idref="fl-4"/>
      </object_component>
      <object_component id="oc-382">
         <name>.debug_info</name>
         <load_address>0x5374</load_address>
         <run_address>0x5374</run_address>
         <size>0x134</size>
         <input_file_ref idref="fl-20"/>
      </object_component>
      <object_component id="oc-44b">
         <name>.debug_info</name>
         <load_address>0x54a8</load_address>
         <run_address>0x54a8</run_address>
         <size>0x120</size>
         <input_file_ref idref="fl-21"/>
      </object_component>
      <object_component id="oc-4d3">
         <name>.debug_info</name>
         <load_address>0x55c8</load_address>
         <run_address>0x55c8</run_address>
         <size>0x137</size>
         <input_file_ref idref="fl-22"/>
      </object_component>
      <object_component id="oc-5b4">
         <name>.debug_info</name>
         <load_address>0x56ff</load_address>
         <run_address>0x56ff</run_address>
         <size>0x122</size>
         <input_file_ref idref="fl-23"/>
      </object_component>
      <object_component id="oc-297">
         <name>.debug_info</name>
         <load_address>0x5821</load_address>
         <run_address>0x5821</run_address>
         <size>0x10e</size>
         <input_file_ref idref="fl-2d"/>
      </object_component>
      <object_component id="oc-4ce">
         <name>.debug_info</name>
         <load_address>0x592f</load_address>
         <run_address>0x592f</run_address>
         <size>0x120</size>
         <input_file_ref idref="fl-2e"/>
      </object_component>
      <object_component id="oc-4c9">
         <name>.debug_info</name>
         <load_address>0x5a4f</load_address>
         <run_address>0x5a4f</run_address>
         <size>0x120</size>
         <input_file_ref idref="fl-2f"/>
      </object_component>
      <object_component id="oc-27c">
         <name>.debug_info</name>
         <load_address>0x5b6f</load_address>
         <run_address>0x5b6f</run_address>
         <size>0xff</size>
         <input_file_ref idref="fl-30"/>
      </object_component>
      <object_component id="oc-2cc">
         <name>.debug_info</name>
         <load_address>0x5c6e</load_address>
         <run_address>0x5c6e</run_address>
         <size>0x179</size>
         <input_file_ref idref="fl-30"/>
      </object_component>
      <object_component id="oc-285">
         <name>.debug_info</name>
         <load_address>0x5de7</load_address>
         <run_address>0x5de7</run_address>
         <size>0x84</size>
         <input_file_ref idref="fl-30"/>
      </object_component>
      <object_component id="oc-578">
         <name>.debug_info</name>
         <load_address>0x5e6b</load_address>
         <run_address>0x5e6b</run_address>
         <size>0x408</size>
         <input_file_ref idref="fl-31"/>
      </object_component>
      <object_component id="oc-41f">
         <name>.debug_info</name>
         <load_address>0x6273</load_address>
         <run_address>0x6273</run_address>
         <size>0x215</size>
         <input_file_ref idref="fl-31"/>
      </object_component>
      <object_component id="oc-5fe">
         <name>.debug_info</name>
         <load_address>0x6488</load_address>
         <run_address>0x6488</run_address>
         <size>0x39</size>
         <input_file_ref idref="fl-31"/>
      </object_component>
      <object_component id="oc-60a">
         <name>.debug_info</name>
         <load_address>0x64c1</load_address>
         <run_address>0x64c1</run_address>
         <size>0x2c</size>
         <input_file_ref idref="fl-31"/>
      </object_component>
      <object_component id="oc-583">
         <name>.debug_info</name>
         <load_address>0x64ed</load_address>
         <run_address>0x64ed</run_address>
         <size>0x2c</size>
         <input_file_ref idref="fl-31"/>
      </object_component>
      <object_component id="oc-603">
         <name>.debug_info</name>
         <load_address>0x6519</load_address>
         <run_address>0x6519</run_address>
         <size>0xcd</size>
         <input_file_ref idref="fl-31"/>
      </object_component>
      <object_component id="oc-349">
         <name>.debug_info</name>
         <load_address>0x65e6</load_address>
         <run_address>0x65e6</run_address>
         <size>0x152</size>
         <input_file_ref idref="fl-35"/>
      </object_component>
      <object_component id="oc-572">
         <name>.debug_info</name>
         <load_address>0x6738</load_address>
         <run_address>0x6738</run_address>
         <size>0x14f</size>
         <input_file_ref idref="fl-36"/>
      </object_component>
      <object_component id="oc-295">
         <name>.debug_info</name>
         <load_address>0x6887</load_address>
         <run_address>0x6887</run_address>
         <size>0x1d9</size>
         <input_file_ref idref="fl-37"/>
      </object_component>
      <object_component id="oc-6b">
         <name>.debug_info</name>
         <load_address>0x6a60</load_address>
         <run_address>0x6a60</run_address>
         <size>0x1f1</size>
         <input_file_ref idref="fl-37"/>
      </object_component>
      <object_component id="oc-290">
         <name>.debug_info</name>
         <load_address>0x6c51</load_address>
         <run_address>0x6c51</run_address>
         <size>0x46</size>
         <input_file_ref idref="fl-37"/>
      </object_component>
      <object_component id="oc-65">
         <name>.debug_info</name>
         <load_address>0x6c97</load_address>
         <run_address>0x6c97</run_address>
         <size>0x2b7</size>
         <input_file_ref idref="fl-38"/>
      </object_component>
      <object_component id="oc-36a">
         <name>.debug_info</name>
         <load_address>0x6f4e</load_address>
         <run_address>0x6f4e</run_address>
         <size>0x46</size>
         <input_file_ref idref="fl-38"/>
      </object_component>
      <object_component id="oc-2f7">
         <name>.debug_info</name>
         <load_address>0x6f94</load_address>
         <run_address>0x6f94</run_address>
         <size>0x39</size>
         <input_file_ref idref="fl-38"/>
      </object_component>
      <object_component id="oc-280">
         <name>.debug_info</name>
         <load_address>0x6fcd</load_address>
         <run_address>0x6fcd</run_address>
         <size>0x60</size>
         <input_file_ref idref="fl-38"/>
      </object_component>
      <object_component id="oc-3fb">
         <name>.debug_info</name>
         <load_address>0x702d</load_address>
         <run_address>0x702d</run_address>
         <size>0x121</size>
         <input_file_ref idref="fl-39"/>
      </object_component>
      <object_component id="oc-5d0">
         <name>.debug_info</name>
         <load_address>0x714e</load_address>
         <run_address>0x714e</run_address>
         <size>0x180</size>
         <input_file_ref idref="fl-3c"/>
      </object_component>
      <object_component id="oc-50f">
         <name>.debug_info</name>
         <load_address>0x72ce</load_address>
         <run_address>0x72ce</run_address>
         <size>0x179</size>
         <input_file_ref idref="fl-3c"/>
      </object_component>
      <object_component id="oc-5e2">
         <name>.debug_info</name>
         <load_address>0x7447</load_address>
         <run_address>0x7447</run_address>
         <size>0x161</size>
         <input_file_ref idref="fl-3d"/>
      </object_component>
      <object_component id="oc-54f">
         <name>.debug_info</name>
         <load_address>0x75a8</load_address>
         <run_address>0x75a8</run_address>
         <size>0x22b</size>
         <input_file_ref idref="fl-3d"/>
      </object_component>
      <object_component id="oc-28b">
         <name>.debug_info</name>
         <load_address>0x77d3</load_address>
         <run_address>0x77d3</run_address>
         <size>0x120</size>
         <input_file_ref idref="fl-3e"/>
      </object_component>
      <object_component id="oc-4a5">
         <name>.debug_info</name>
         <load_address>0x78f3</load_address>
         <run_address>0x78f3</run_address>
         <size>0x1c9</size>
         <input_file_ref idref="fl-40"/>
      </object_component>
      <object_component id="oc-48d">
         <name>.debug_info</name>
         <load_address>0x7abc</load_address>
         <run_address>0x7abc</run_address>
         <size>0x263</size>
         <input_file_ref idref="fl-40"/>
      </object_component>
      <object_component id="oc-49f">
         <name>.debug_info</name>
         <load_address>0x7d1f</load_address>
         <run_address>0x7d1f</run_address>
         <size>0x18d</size>
         <input_file_ref idref="fl-40"/>
      </object_component>
      <object_component id="oc-493">
         <name>.debug_info</name>
         <load_address>0x7eac</load_address>
         <run_address>0x7eac</run_address>
         <size>0x135</size>
         <input_file_ref idref="fl-40"/>
      </object_component>
      <object_component id="oc-4d8">
         <name>.debug_info</name>
         <load_address>0x7fe1</load_address>
         <run_address>0x7fe1</run_address>
         <size>0x17b</size>
         <input_file_ref idref="fl-40"/>
      </object_component>
      <object_component id="oc-4de">
         <name>.debug_info</name>
         <load_address>0x815c</load_address>
         <run_address>0x815c</run_address>
         <size>0x137</size>
         <input_file_ref idref="fl-40"/>
      </object_component>
      <object_component id="oc-499">
         <name>.debug_info</name>
         <load_address>0x8293</load_address>
         <run_address>0x8293</run_address>
         <size>0x2c5</size>
         <input_file_ref idref="fl-40"/>
      </object_component>
      <object_component id="oc-32a">
         <name>.debug_info</name>
         <load_address>0x8558</load_address>
         <run_address>0x8558</run_address>
         <size>0x19b</size>
         <input_file_ref idref="fl-40"/>
      </object_component>
      <object_component id="oc-4fe">
         <name>.debug_info</name>
         <load_address>0x86f3</load_address>
         <run_address>0x86f3</run_address>
         <size>0x118</size>
         <input_file_ref idref="fl-41"/>
      </object_component>
      <object_component id="oc-5e0">
         <name>.debug_info</name>
         <load_address>0x880b</load_address>
         <run_address>0x880b</run_address>
         <size>0x14a</size>
         <input_file_ref idref="fl-42"/>
      </object_component>
      <object_component id="oc-54b">
         <name>.debug_info</name>
         <load_address>0x8955</load_address>
         <run_address>0x8955</run_address>
         <size>0xdd</size>
         <input_file_ref idref="fl-42"/>
      </object_component>
      <object_component id="oc-45c">
         <name>.debug_info</name>
         <load_address>0x8a32</load_address>
         <run_address>0x8a32</run_address>
         <size>0x1b8</size>
         <input_file_ref idref="fl-42"/>
      </object_component>
      <object_component id="oc-480">
         <name>.debug_info</name>
         <load_address>0x8bea</load_address>
         <run_address>0x8bea</run_address>
         <size>0x200</size>
         <input_file_ref idref="fl-42"/>
      </object_component>
      <object_component id="oc-462">
         <name>.debug_info</name>
         <load_address>0x8dea</load_address>
         <run_address>0x8dea</run_address>
         <size>0x1af</size>
         <input_file_ref idref="fl-42"/>
      </object_component>
      <object_component id="oc-474">
         <name>.debug_info</name>
         <load_address>0x8f99</load_address>
         <run_address>0x8f99</run_address>
         <size>0x1d4</size>
         <input_file_ref idref="fl-42"/>
      </object_component>
      <object_component id="oc-468">
         <name>.debug_info</name>
         <load_address>0x916d</load_address>
         <run_address>0x916d</run_address>
         <size>0x1ad</size>
         <input_file_ref idref="fl-42"/>
      </object_component>
      <object_component id="oc-46e">
         <name>.debug_info</name>
         <load_address>0x931a</load_address>
         <run_address>0x931a</run_address>
         <size>0x1f6</size>
         <input_file_ref idref="fl-42"/>
      </object_component>
      <object_component id="oc-47a">
         <name>.debug_info</name>
         <load_address>0x9510</load_address>
         <run_address>0x9510</run_address>
         <size>0x1b4</size>
         <input_file_ref idref="fl-42"/>
      </object_component>
      <object_component id="oc-3d5">
         <name>.debug_info</name>
         <load_address>0x96c4</load_address>
         <run_address>0x96c4</run_address>
         <size>0x1b2</size>
         <input_file_ref idref="fl-42"/>
      </object_component>
      <object_component id="oc-5ce">
         <name>.debug_info</name>
         <load_address>0x9876</load_address>
         <run_address>0x9876</run_address>
         <size>0x143</size>
         <input_file_ref idref="fl-43"/>
      </object_component>
      <object_component id="oc-50c">
         <name>.debug_info</name>
         <load_address>0x99b9</load_address>
         <run_address>0x99b9</run_address>
         <size>0xdd</size>
         <input_file_ref idref="fl-43"/>
      </object_component>
      <object_component id="oc-521">
         <name>.debug_info</name>
         <load_address>0x9a96</load_address>
         <run_address>0x9a96</run_address>
         <size>0x17e</size>
         <input_file_ref idref="fl-43"/>
      </object_component>
      <object_component id="oc-51b">
         <name>.debug_info</name>
         <load_address>0x9c14</load_address>
         <run_address>0x9c14</run_address>
         <size>0x183</size>
         <input_file_ref idref="fl-43"/>
      </object_component>
      <object_component id="oc-5c6">
         <name>.debug_info</name>
         <load_address>0x9d97</load_address>
         <run_address>0x9d97</run_address>
         <size>0x18e</size>
         <input_file_ref idref="fl-43"/>
      </object_component>
      <object_component id="oc-506">
         <name>.debug_info</name>
         <load_address>0x9f25</load_address>
         <run_address>0x9f25</run_address>
         <size>0x2d6</size>
         <input_file_ref idref="fl-43"/>
      </object_component>
      <object_component id="oc-539">
         <name>.debug_info</name>
         <load_address>0xa1fb</load_address>
         <run_address>0xa1fb</run_address>
         <size>0x1d1</size>
         <input_file_ref idref="fl-43"/>
      </object_component>
      <object_component id="oc-52d">
         <name>.debug_info</name>
         <load_address>0xa3cc</load_address>
         <run_address>0xa3cc</run_address>
         <size>0x177</size>
         <input_file_ref idref="fl-43"/>
      </object_component>
      <object_component id="oc-3e2">
         <name>.debug_info</name>
         <load_address>0xa543</load_address>
         <run_address>0xa543</run_address>
         <size>0x19f</size>
         <input_file_ref idref="fl-43"/>
      </object_component>
      <object_component id="oc-53f">
         <name>.debug_info</name>
         <load_address>0xa6e2</load_address>
         <run_address>0xa6e2</run_address>
         <size>0x137</size>
         <input_file_ref idref="fl-43"/>
      </object_component>
      <object_component id="oc-515">
         <name>.debug_info</name>
         <load_address>0xa819</load_address>
         <run_address>0xa819</run_address>
         <size>0x175</size>
         <input_file_ref idref="fl-43"/>
      </object_component>
      <object_component id="oc-527">
         <name>.debug_info</name>
         <load_address>0xa98e</load_address>
         <run_address>0xa98e</run_address>
         <size>0x153</size>
         <input_file_ref idref="fl-43"/>
      </object_component>
      <object_component id="oc-533">
         <name>.debug_info</name>
         <load_address>0xaae1</load_address>
         <run_address>0xaae1</run_address>
         <size>0x14f</size>
         <input_file_ref idref="fl-43"/>
      </object_component>
      <object_component id="oc-486">
         <name>.debug_info</name>
         <load_address>0xac30</load_address>
         <run_address>0xac30</run_address>
         <size>0xff</size>
         <input_file_ref idref="fl-44"/>
      </object_component>
      <object_component id="oc-4f0">
         <name>.debug_info</name>
         <load_address>0xad2f</load_address>
         <run_address>0xad2f</run_address>
         <size>0x10b</size>
         <input_file_ref idref="fl-44"/>
      </object_component>
      <object_component id="oc-4b1">
         <name>.debug_info</name>
         <load_address>0xae3a</load_address>
         <run_address>0xae3a</run_address>
         <size>0x10b</size>
         <input_file_ref idref="fl-44"/>
      </object_component>
      <object_component id="oc-4ab">
         <name>.debug_info</name>
         <load_address>0xaf45</load_address>
         <run_address>0xaf45</run_address>
         <size>0x119</size>
         <input_file_ref idref="fl-44"/>
      </object_component>
      <object_component id="oc-4ea">
         <name>.debug_info</name>
         <load_address>0xb05e</load_address>
         <run_address>0xb05e</run_address>
         <size>0x10d</size>
         <input_file_ref idref="fl-44"/>
      </object_component>
      <object_component id="oc-4e4">
         <name>.debug_info</name>
         <load_address>0xb16b</load_address>
         <run_address>0xb16b</run_address>
         <size>0x11b</size>
         <input_file_ref idref="fl-44"/>
      </object_component>
      <object_component id="oc-31d">
         <name>.debug_info</name>
         <load_address>0xb286</load_address>
         <run_address>0xb286</run_address>
         <size>0x131</size>
         <input_file_ref idref="fl-45"/>
      </object_component>
      <object_component id="oc-323">
         <name>.debug_info</name>
         <load_address>0xb3b7</load_address>
         <run_address>0xb3b7</run_address>
         <size>0x171</size>
         <input_file_ref idref="fl-45"/>
      </object_component>
      <object_component id="oc-334">
         <name>.debug_info</name>
         <load_address>0xb528</load_address>
         <run_address>0xb528</run_address>
         <size>0x165</size>
         <input_file_ref idref="fl-45"/>
      </object_component>
      <object_component id="oc-3e8">
         <name>.debug_info</name>
         <load_address>0xb68d</load_address>
         <run_address>0xb68d</run_address>
         <size>0x18d</size>
         <input_file_ref idref="fl-45"/>
      </object_component>
      <object_component id="oc-3a0">
         <name>.debug_info</name>
         <load_address>0xb81a</load_address>
         <run_address>0xb81a</run_address>
         <size>0x15e</size>
         <input_file_ref idref="fl-46"/>
      </object_component>
      <object_component id="oc-33b">
         <name>.debug_info</name>
         <load_address>0xb978</load_address>
         <run_address>0xb978</run_address>
         <size>0x148</size>
         <input_file_ref idref="fl-46"/>
      </object_component>
      <object_component id="oc-4c3">
         <name>.debug_info</name>
         <load_address>0xbac0</load_address>
         <run_address>0xbac0</run_address>
         <size>0x18b</size>
         <input_file_ref idref="fl-46"/>
      </object_component>
      <object_component id="oc-316">
         <name>.debug_info</name>
         <load_address>0xbc4b</load_address>
         <run_address>0xbc4b</run_address>
         <size>0x177</size>
         <input_file_ref idref="fl-46"/>
      </object_component>
      <object_component id="oc-4bd">
         <name>.debug_info</name>
         <load_address>0xbdc2</load_address>
         <run_address>0xbdc2</run_address>
         <size>0x181</size>
         <input_file_ref idref="fl-46"/>
      </object_component>
      <object_component id="oc-3ab">
         <name>.debug_info</name>
         <load_address>0xbf43</load_address>
         <run_address>0xbf43</run_address>
         <size>0x15c</size>
         <input_file_ref idref="fl-47"/>
      </object_component>
      <object_component id="oc-5a2">
         <name>.debug_info</name>
         <load_address>0xc09f</load_address>
         <run_address>0xc09f</run_address>
         <size>0x11f</size>
         <input_file_ref idref="fl-48"/>
      </object_component>
      <object_component id="oc-5c1">
         <name>.debug_info</name>
         <load_address>0xc1be</load_address>
         <run_address>0xc1be</run_address>
         <size>0x11f</size>
         <input_file_ref idref="fl-49"/>
      </object_component>
      <object_component id="oc-693">
         <name>.debug_info</name>
         <load_address>0xc2dd</load_address>
         <run_address>0xc2dd</run_address>
         <size>0x9a</size>
      </object_component>
      <object_component id="oc-459">
         <name>.debug_line</name>
         <load_address>0x0</load_address>
         <run_address>0x0</run_address>
         <size>0x13a</size>
         <input_file_ref idref="fl-1"/>
      </object_component>
      <object_component id="oc-3a5">
         <name>.debug_line</name>
         <load_address>0x13a</load_address>
         <run_address>0x13a</run_address>
         <size>0x36</size>
         <input_file_ref idref="fl-1"/>
      </object_component>
      <object_component id="oc-390">
         <name>.debug_line</name>
         <load_address>0x170</load_address>
         <run_address>0x170</run_address>
         <size>0x8d</size>
         <input_file_ref idref="fl-1"/>
      </object_component>
      <object_component id="oc-310">
         <name>.debug_line</name>
         <load_address>0x1fd</load_address>
         <run_address>0x1fd</run_address>
         <size>0x51</size>
         <input_file_ref idref="fl-1"/>
      </object_component>
      <object_component id="oc-3f7">
         <name>.debug_line</name>
         <load_address>0x24e</load_address>
         <run_address>0x24e</run_address>
         <size>0x5c</size>
         <input_file_ref idref="fl-1"/>
      </object_component>
      <object_component id="oc-4fa">
         <name>.debug_line</name>
         <load_address>0x2aa</load_address>
         <run_address>0x2aa</run_address>
         <size>0x5f</size>
         <input_file_ref idref="fl-1"/>
      </object_component>
      <object_component id="oc-3c0">
         <name>.debug_line</name>
         <load_address>0x309</load_address>
         <run_address>0x309</run_address>
         <size>0x64</size>
         <input_file_ref idref="fl-1"/>
      </object_component>
      <object_component id="oc-43e">
         <name>.debug_line</name>
         <load_address>0x36d</load_address>
         <run_address>0x36d</run_address>
         <size>0x7c</size>
         <input_file_ref idref="fl-1"/>
      </object_component>
      <object_component id="oc-548">
         <name>.debug_line</name>
         <load_address>0x3e9</load_address>
         <run_address>0x3e9</run_address>
         <size>0x4f</size>
         <input_file_ref idref="fl-1"/>
      </object_component>
      <object_component id="oc-398">
         <name>.debug_line</name>
         <load_address>0x438</load_address>
         <run_address>0x438</run_address>
         <size>0x51</size>
         <input_file_ref idref="fl-1"/>
      </object_component>
      <object_component id="oc-38a">
         <name>.debug_line</name>
         <load_address>0x489</load_address>
         <run_address>0x489</run_address>
         <size>0x20</size>
         <input_file_ref idref="fl-1"/>
      </object_component>
      <object_component id="oc-454">
         <name>.debug_line</name>
         <load_address>0x4a9</load_address>
         <run_address>0x4a9</run_address>
         <size>0x80</size>
         <input_file_ref idref="fl-1"/>
      </object_component>
      <object_component id="oc-39e">
         <name>.debug_line</name>
         <load_address>0x529</load_address>
         <run_address>0x529</run_address>
         <size>0x7d</size>
         <input_file_ref idref="fl-1"/>
      </object_component>
      <object_component id="oc-441">
         <name>.debug_line</name>
         <load_address>0x5a6</load_address>
         <run_address>0x5a6</run_address>
         <size>0x13a</size>
         <input_file_ref idref="fl-2"/>
      </object_component>
      <object_component id="oc-373">
         <name>.debug_line</name>
         <load_address>0x6e0</load_address>
         <run_address>0x6e0</run_address>
         <size>0x37</size>
         <input_file_ref idref="fl-2"/>
      </object_component>
      <object_component id="oc-5ac">
         <name>.debug_line</name>
         <load_address>0x717</load_address>
         <run_address>0x717</run_address>
         <size>0x37</size>
         <input_file_ref idref="fl-2"/>
      </object_component>
      <object_component id="oc-5ae">
         <name>.debug_line</name>
         <load_address>0x74e</load_address>
         <run_address>0x74e</run_address>
         <size>0x37</size>
         <input_file_ref idref="fl-2"/>
      </object_component>
      <object_component id="oc-3f1">
         <name>.debug_line</name>
         <load_address>0x785</load_address>
         <run_address>0x785</run_address>
         <size>0x50</size>
         <input_file_ref idref="fl-2"/>
      </object_component>
      <object_component id="oc-30a">
         <name>.debug_line</name>
         <load_address>0x7d5</load_address>
         <run_address>0x7d5</run_address>
         <size>0x7c</size>
         <input_file_ref idref="fl-2"/>
      </object_component>
      <object_component id="oc-3ba">
         <name>.debug_line</name>
         <load_address>0x851</load_address>
         <run_address>0x851</run_address>
         <size>0x8a</size>
         <input_file_ref idref="fl-2"/>
      </object_component>
      <object_component id="oc-5e6">
         <name>.debug_line</name>
         <load_address>0x8db</load_address>
         <run_address>0x8db</run_address>
         <size>0xf9</size>
         <input_file_ref idref="fl-3"/>
      </object_component>
      <object_component id="oc-595">
         <name>.debug_line</name>
         <load_address>0x9d4</load_address>
         <run_address>0x9d4</run_address>
         <size>0x30</size>
         <input_file_ref idref="fl-3"/>
      </object_component>
      <object_component id="oc-593">
         <name>.debug_line</name>
         <load_address>0xa04</load_address>
         <run_address>0xa04</run_address>
         <size>0x30</size>
         <input_file_ref idref="fl-3"/>
      </object_component>
      <object_component id="oc-5e4">
         <name>.debug_line</name>
         <load_address>0xa34</load_address>
         <run_address>0xa34</run_address>
         <size>0x30</size>
         <input_file_ref idref="fl-3"/>
      </object_component>
      <object_component id="oc-37f">
         <name>.debug_line</name>
         <load_address>0xa64</load_address>
         <run_address>0xa64</run_address>
         <size>0x4a</size>
         <input_file_ref idref="fl-3"/>
      </object_component>
      <object_component id="oc-3df">
         <name>.debug_line</name>
         <load_address>0xaae</load_address>
         <run_address>0xaae</run_address>
         <size>0x82</size>
         <input_file_ref idref="fl-3"/>
      </object_component>
      <object_component id="oc-379">
         <name>.debug_line</name>
         <load_address>0xb30</load_address>
         <run_address>0xb30</run_address>
         <size>0x4c</size>
[...]
         <value>0xffffffff</value>
      </symbol>
      <symbol id="sm-2b3">
         <name>stopWatchModeInit</name>
         <value>0xd1a0</value>
         <object_component_ref idref="oc-3f3"/>
      </symbol>
      <symbol id="sm-2b4">
         <name>Hours</name>
         <value>0x202e</value>
         <object_component_ref idref="oc-330"/>
      </symbol>
      <symbol id="sm-2b5">
         <name>resetStopWatch</name>
         <value>0xd6e0</value>
         <object_component_ref idref="oc-30c"/>
      </symbol>
      <symbol id="sm-2b6">
         <name>Seconds</name>
         <value>0x202a</value>
         <object_component_ref idref="oc-330"/>
      </symbol>
      <symbol id="sm-2b7">
         <name>Inc_RTC</name>
         <value>0xd090</value>
         <object_component_ref idref="oc-4f6"/>
      </symbol>
      <symbol id="sm-2b8">
         <name>Centiseconds</name>
         <value>0x2028</value>
         <object_component_ref idref="oc-330"/>
      </symbol>
      <symbol id="sm-2b9">
         <name>stopWatch</name>
         <value>0xd4a2</value>
         <object_component_ref idref="oc-3bc"/>
      </symbol>
      <symbol id="sm-2ba">
         <name>displayTime</name>
         <value>0xc528</value>
         <object_component_ref idref="oc-38c"/>
      </symbol>
      <symbol id="sm-2bb">
         <name>Minutes</name>
         <value>0x202c</value>
         <object_component_ref idref="oc-330"/>
      </symbol>
      <symbol id="sm-2bc">
         <name>count</name>
         <value>0x2030</value>
         <object_component_ref idref="oc-330"/>
      </symbol>
      <symbol id="sm-2f4">
         <name>initCompParam</name>
         <value>0x2032</value>
         <object_component_ref idref="oc-4b9"/>
      </symbol>
      <symbol id="sm-2f5">
         <name>degF</name>
         <value>0x203e</value>
         <object_component_ref idref="oc-303"/>
      </symbol>
      <symbol id="sm-2f6">
         <name>degC</name>
         <value>0x203c</value>
         <object_component_ref idref="oc-303"/>
      </symbol>
      <symbol id="sm-2f7">
         <name>tempUnit</name>
         <value>0x203a</value>
         <object_component_ref idref="oc-303"/>
      </symbol>
      <symbol id="sm-2f8">
         <name>tempSensorModeInit</name>
         <value>0xd788</value>
         <object_component_ref idref="oc-3ed"/>
      </symbol>
      <symbol id="sm-2f9">
         <name>initUpParam_A1</name>
         <value>0x200e</value>
         <object_component_ref idref="oc-4b6"/>
      </symbol>
      <symbol id="sm-2fa">
         <name>tempSensor</name>
         <value>0xc854</value>
         <object_component_ref idref="oc-3b6"/>
      </symbol>
      <symbol id="sm-2fb">
         <name>displayTemp</name>
         <value>0xccae</value>
         <object_component_ref idref="oc-306"/>
      </symbol>
      <symbol id="sm-340">
         <name>clearLCD</name>
         <value>0xd570</value>
         <object_component_ref idref="oc-375"/>
      </symbol>
      <symbol id="sm-341">
         <name>displayScrollText</name>
         <value>0xcbca</value>
         <object_component_ref idref="oc-3db"/>
      </symbol>
      <symbol id="sm-342">
         <name>showChar</name>
         <value>0xd220</value>
         <object_component_ref idref="oc-37b"/>
      </symbol>
      <symbol id="sm-343">
         <name>Init_LCD</name>
         <value>0xcf28</value>
         <object_component_ref idref="oc-3ce"/>
      </symbol>
      <symbol id="sm-344">
         <name>alphabetBig</name>
         <value>0xc494</value>
         <object_component_ref idref="oc-443"/>
      </symbol>
      <symbol id="sm-345">
         <name>digit</name>
         <value>0xc4e4</value>
         <object_component_ref idref="oc-446"/>
      </symbol>
      <symbol id="sm-3bb">
         <name>ADC_ISR</name>
         <value>0xd84e</value>
         <object_component_ref idref="oc-2a7"/>
      </symbol>
      <symbol id="sm-3bc">
         <name>S2buttonDebounce</name>
         <value>0x201e</value>
         <object_component_ref idref="oc-300"/>
      </symbol>
      <symbol id="sm-3bd">
         <name>S1buttonDebounce</name>
         <value>0x201c</value>
         <object_component_ref idref="oc-300"/>
      </symbol>
      <symbol id="sm-3be">
         <name>Init_GPIO</name>
         <value>0xc9c6</value>
         <object_component_ref idref="oc-3b0"/>
      </symbol>
      <symbol id="sm-3bf">
         <name>__TI_int48</name>
         <value>0xffe8</value>
         <object_component_ref idref="oc-73"/>
      </symbol>
      <symbol id="sm-3c0">
         <name>__TI_int46</name>
         <value>0xffe4</value>
         <object_component_ref idref="oc-71"/>
      </symbol>
      <symbol id="sm-3c1">
         <name>__TI_int47</name>
         <value>0xffe6</value>
         <object_component_ref idref="oc-72"/>
      </symbol>
      <symbol id="sm-3c2">
         <name>holdCount</name>
         <value>0x2026</value>
         <object_component_ref idref="oc-300"/>
      </symbol>
      <symbol id="sm-3c3">
         <name>__TI_int56</name>
         <value>0xfff8</value>
         <object_component_ref idref="oc-7b"/>
      </symbol>
      <symbol id="sm-3c4">
         <name>__TI_int52</name>
         <value>0xfff0</value>
         <object_component_ref idref="oc-77"/>
      </symbol>
      <symbol id="sm-3c5">
         <name>PORT1_ISR</name>
         <value>0xd310</value>
         <object_component_ref idref="oc-2a1"/>
      </symbol>
      <symbol id="sm-3c6">
         <name>tempSensorRunning</name>
         <value>0x2022</value>
         <object_component_ref idref="oc-300"/>
      </symbol>
      <symbol id="sm-3c7">
         <name>Init_Clock</name>
         <value>0xda08</value>
         <object_component_ref idref="oc-3c2"/>
      </symbol>
      <symbol id="sm-3c8">
         <name>main</name>
         <value>0xc6d0</value>
         <object_component_ref idref="oc-34e"/>
      </symbol>
      <symbol id="sm-3c9">
         <name>initUpParam_A0</name>
         <value>0x2000</value>
         <object_component_ref idref="oc-312"/>
      </symbol>
      <symbol id="sm-3ca">
         <name>stopWatchRunning</name>
         <value>0x2020</value>
         <object_component_ref idref="oc-300"/>
      </symbol>
      <symbol id="sm-3cb">
         <name>PORT2_ISR</name>
         <value>0xce5c</value>
         <object_component_ref idref="oc-29b"/>
      </symbol>
      <symbol id="sm-3cc">
         <name>mode</name>
         <value>0x2024</value>
         <object_component_ref idref="oc-300"/>
      </symbol>
      <symbol id="sm-3cd">
         <name>Init_RTC</name>
         <value>0xd8a2</value>
         <object_component_ref idref="oc-3c8"/>
      </symbol>
      <symbol id="sm-3ce">
         <name>RTC_ISR</name>
         <value>0xd29a</value>
         <object_component_ref idref="oc-2ad"/>
      </symbol>
      <symbol id="sm-3cf">
         <name>TIMER0_A0_ISR</name>
         <value>0xcd8e</value>
         <object_component_ref idref="oc-2b3"/>
      </symbol>
      <symbol id="sm-3db">
         <name>__mspabi_remi</name>
         <value>0xd70e</value>
         <object_component_ref idref="oc-381"/>
      </symbol>
      <symbol id="sm-3dc">
         <name>__mspabi_divi</name>
         <value>0xd70e</value>
         <object_component_ref idref="oc-381"/>
      </symbol>
      <symbol id="sm-3e6">
         <name>__mspabi_remu</name>
         <value>0xd912</value>
         <object_component_ref idref="oc-44a"/>
      </symbol>
      <symbol id="sm-3e7">
         <name>__mspabi_divu</name>
         <value>0xd912</value>
         <object_component_ref idref="oc-44a"/>
      </symbol>
      <symbol id="sm-3f3">
         <name>__mspabi_remli</name>
         <value>0xd530</value>
         <object_component_ref idref="oc-4d2"/>
      </symbol>
      <symbol id="sm-3f4">
         <name>__mspabi_divli</name>
         <value>0xd530</value>
         <object_component_ref idref="oc-4d2"/>
      </symbol>
      <symbol id="sm-402">
         <name>__mspabi_remul</name>
         <value>0xd44a</value>
         <object_component_ref idref="oc-5b3"/>
      </symbol>
      <symbol id="sm-403">
         <name>__mspabi_divul</name>
         <value>0xd44a</value>
         <object_component_ref idref="oc-5b3"/>
      </symbol>
      <symbol id="sm-406">
         <name>__TI_int45</name>
         <value>0xffe2</value>
         <object_component_ref idref="oc-70"/>
      </symbol>
      <symbol id="sm-409">
         <name>__TI_int49</name>
         <value>0xffea</value>
         <object_component_ref idref="oc-74"/>
      </symbol>
      <symbol id="sm-40c">
         <name>__TI_int50</name>
         <value>0xffec</value>
         <object_component_ref idref="oc-75"/>
      </symbol>
      <symbol id="sm-40f">
         <name>__TI_int51</name>
         <value>0xffee</value>
         <object_component_ref idref="oc-76"/>
      </symbol>
      <symbol id="sm-412">
         <name>__TI_int53</name>
         <value>0xfff2</value>
         <object_component_ref idref="oc-78"/>
      </symbol>
      <symbol id="sm-415">
         <name>__TI_int54</name>
         <value>0xfff4</value>
         <object_component_ref idref="oc-79"/>
      </symbol>
      <symbol id="sm-418">
         <name>__TI_int55</name>
         <value>0xfff6</value>
         <object_component_ref idref="oc-7a"/>
      </symbol>
      <symbol id="sm-41b">
         <name>__TI_int57</name>
         <value>0xfffa</value>
         <object_component_ref idref="oc-7c"/>
      </symbol>
      <symbol id="sm-41e">
         <name>__TI_int58</name>
         <value>0xfffc</value>
         <object_component_ref idref="oc-7d"/>
      </symbol>
      <symbol id="sm-426">
         <name>__TI_ISR_TRAP</name>
         <value>0xda72</value>
         <object_component_ref idref="oc-296"/>
      </symbol>
      <symbol id="sm-430">
         <name>__mspabi_mpyi_sw</name>
         <value>0xd928</value>
         <object_component_ref idref="oc-4cd"/>
      </symbol>
      <symbol id="sm-431">
         <name>__mspabi_mpyi</name>
         <value>0xd928</value>
         <object_component_ref idref="oc-4cd"/>
      </symbol>
      <symbol id="sm-43b">
         <name>__mspabi_mpyl_sw</name>
         <value>0xd762</value>
         <object_component_ref idref="oc-4c8"/>
      </symbol>
      <symbol id="sm-43c">
         <name>__mspabi_mpyl</name>
         <value>0xd762</value>
         <object_component_ref idref="oc-4c8"/>
      </symbol>
      <symbol id="sm-451">
         <name>_stack</name>
         <value>0x2760</value>
         <object_component_ref idref="oc-27b"/>
      </symbol>
      <symbol id="sm-452">
         <name>_c_int00_noargs</name>
         <value>0xd86c</value>
         <object_component_ref idref="oc-2cb"/>
      </symbol>
      <symbol id="sm-453">
         <name>_reset_vector</name>
         <value>0xfffe</value>
         <object_component_ref idref="oc-27e"/>
      </symbol>
      <symbol id="sm-475">
         <name>__TI_auto_init_nobinit_nopinit_hold_wdt</name>
         <value>0xd384</value>
         <object_component_ref idref="oc-41e"/>
      </symbol>
      <symbol id="sm-481">
         <name>_system_pre_init</name>
         <value>0xda98</value>
         <object_component_ref idref="oc-348"/>
      </symbol>
      <symbol id="sm-48a">
         <name>_system_post_cinit</name>
         <value>0xda9c</value>
         <object_component_ref idref="oc-571"/>
      </symbol>
      <symbol id="sm-49b">
         <name>__TI_decompress_none</name>
         <value>0xd5ae</value>
         <object_component_ref idref="oc-6a"/>
      </symbol>
      <symbol id="sm-4bc">
         <name>__TI_decompress_lzss</name>
         <value>0xcadc</value>
         <object_component_ref idref="oc-64"/>
      </symbol>
      <symbol id="sm-4c6">
         <name>C$$EXIT</name>
         <value>0xda92</value>
         <object_component_ref idref="oc-3fa"/>
      </symbol>
      <symbol id="sm-4c7">
         <name>abort</name>
         <value>0xda92</value>
         <object_component_ref idref="oc-3fa"/>
      </symbol>
      <symbol id="sm-4d7">
         <name>memcpy</name>
         <value>0xd984</value>
         <object_component_ref idref="oc-50e"/>
      </symbol>
      <symbol id="sm-4e4">
         <name>strlen</name>
         <value>0xd9d6</value>
         <object_component_ref idref="oc-54e"/>
      </symbol>
      <symbol id="sm-4ef">
         <name>__memcpy_far</name>
         <value>0xd4f0</value>
         <object_component_ref idref="oc-28a"/>
      </symbol>
      <symbol id="sm-52f">
         <name>ADC_configureMemory</name>
         <value>0xd652</value>
         <object_component_ref idref="oc-498"/>
      </symbol>
      <symbol id="sm-530">
         <name>ADC_disableConversions</name>
         <value>0xd7d0</value>
         <object_component_ref idref="oc-4d7"/>
      </symbol>
      <symbol id="sm-531">
         <name>ADC_enableInterrupt</name>
         <value>0xda52</value>
         <object_component_ref idref="oc-49e"/>
      </symbol>
      <symbol id="sm-532">
         <name>ADC_startConversion</name>
         <value>0xd93c</value>
         <object_component_ref idref="oc-4a4"/>
      </symbol>
      <symbol id="sm-533">
         <name>ADC_init</name>
         <value>0xd5ea</value>
         <object_component_ref idref="oc-48c"/>
      </symbol>
      <symbol id="sm-534">
         <name>ADC_disable</name>
         <value>0xda42</value>
         <object_component_ref idref="oc-4dd"/>
      </symbol>
      <symbol id="sm-535">
         <name>ADC_enable</name>
         <value>0xda4a</value>
         <object_component_ref idref="oc-492"/>
      </symbol>
      <symbol id="sm-536">
         <name>ADC_clearInterrupt</name>
         <value>0xda3a</value>
         <object_component_ref idref="oc-329"/>
      </symbol>
      <symbol id="sm-541">
         <name>CS_turnOnXT1LF</name>
         <value>0xd682</value>
         <object_component_ref idref="oc-4fd"/>
      </symbol>
      <symbol id="sm-591">
         <name>GPIO_setAsInputPin</name>
         <value>0xd830</value>
         <object_component_ref idref="oc-467"/>
      </symbol>
      <symbol id="sm-592">
         <name>GPIO_clearInterrupt</name>
         <value>0xd8ba</value>
         <object_component_ref idref="oc-3d4"/>
      </symbol>
      <symbol id="sm-593">
         <name>GPIO_selectInterruptEdge</name>
         <value>0xd7f0</value>
         <object_component_ref idref="oc-46d"/>
      </symbol>
      <symbol id="sm-594">
         <name>GPIO_setAsInputPinWithPullUpResistor</name>
         <value>0xd7ae</value>
         <object_component_ref idref="oc-473"/>
      </symbol>
      <symbol id="sm-595">
         <name>GPIO_enableInterrupt</name>
         <value>0xd8d0</value>
         <object_component_ref idref="oc-479"/>
      </symbol>
      <symbol id="sm-596">
         <name>GPIO_setAsOutputPin</name>
         <value>0xd888</value>
         <object_component_ref idref="oc-461"/>
      </symbol>
      <symbol id="sm-597">
         <name>GPIO_setOutputLowOnPin</name>
         <value>0xd8e6</value>
         <object_component_ref idref="oc-45b"/>
      </symbol>
      <symbol id="sm-598">
         <name>GPIO_setAsPeripheralModuleFunctionInputPin</name>
         <value>0xd61e</value>
         <object_component_ref idref="oc-47f"/>
      </symbol>
      <symbol id="sm-5fd">
         <name>LCD_E_clearAllMemory</name>
         <value>0xda7a</value>
         <object_component_ref idref="oc-532"/>
      </symbol>
      <symbol id="sm-5fe">
         <name>LCD_E_on</name>
         <value>0xd9e4</value>
         <object_component_ref idref="oc-53e"/>
      </symbol>
      <symbol id="sm-5ff">
         <name>LCD_E_setPinAsCOM</name>
         <value>0xcff2</value>
         <object_component_ref idref="oc-538"/>
      </symbol>
      <symbol id="sm-600">
         <name>LCD_E_setVLCDSource</name>
         <value>0xd94e</value>
         <object_component_ref idref="oc-51a"/>
      </symbol>
      <symbol id="sm-601">
         <name>LCD_E_selectDisplayMemory</name>
         <value>0xda12</value>
         <object_component_ref idref="oc-3e1"/>
      </symbol>
      <symbol id="sm-602">
         <name>LCD_E_setChargePumpFreq</name>
         <value>0xd9f0</value>
         <object_component_ref idref="oc-52c"/>
      </symbol>
      <symbol id="sm-603">
         <name>LCD_E_init</name>
         <value>0xd73a</value>
         <object_component_ref idref="oc-514"/>
      </symbol>
      <symbol id="sm-604">
         <name>LCD_E_enableChargePump</name>
         <value>0xda5a</value>
         <object_component_ref idref="oc-526"/>
      </symbol>
      <symbol id="sm-605">
         <name>LCD_E_setVLCDVoltage</name>
         <value>0xd9fc</value>
         <object_component_ref idref="oc-520"/>
      </symbol>
      <symbol id="sm-606">
         <name>LCD_E_INIT_PARAM</name>
         <value>0xc518</value>
         <object_component_ref idref="oc-50b"/>
      </symbol>
      <symbol id="sm-607">
         <name>LCD_E_setPinAsLCDFunctionEx</name>
         <value>0xd120</value>
         <object_component_ref idref="oc-505"/>
      </symbol>
      <symbol id="sm-633">
         <name>PMM_enableInternalReference</name>
         <value>0xd9b6</value>
         <object_component_ref idref="oc-4aa"/>
      </symbol>
      <symbol id="sm-634">
         <name>PMM_unlockLPM5</name>
         <value>0xda80</value>
         <object_component_ref idref="oc-485"/>
      </symbol>
      <symbol id="sm-635">
         <name>PMM_turnOffRegulator</name>
         <value>0xd960</value>
         <object_component_ref idref="oc-4ef"/>
      </symbol>
      <symbol id="sm-636">
         <name>PMM_disableTempSensor</name>
         <value>0xd9a6</value>
         <object_component_ref idref="oc-4e9"/>
      </symbol>
      <symbol id="sm-637">
         <name>PMM_disableInternalReference</name>
         <value>0xd996</value>
         <object_component_ref idref="oc-4e3"/>
      </symbol>
      <symbol id="sm-638">
         <name>PMM_enableTempSensor</name>
         <value>0xd9c6</value>
         <object_component_ref idref="oc-4b0"/>
      </symbol>
      <symbol id="sm-657">
         <name>RTC_setModulo</name>
         <value>0xda86</value>
         <object_component_ref idref="oc-333"/>
      </symbol>
      <symbol id="sm-658">
         <name>RTC_stop</name>
         <value>0xda62</value>
         <object_component_ref idref="oc-31c"/>
      </symbol>
      <symbol id="sm-659">
         <name>RTC_enableInterrupt</name>
         <value>0xda1c</value>
         <object_component_ref idref="oc-3e7"/>
      </symbol>
      <symbol id="sm-65a">
         <name>RTC_start</name>
         <value>0xd972</value>
         <object_component_ref idref="oc-322"/>
      </symbol>
      <symbol id="sm-67e">
         <name>Timer_A_initUpMode</name>
         <value>0xd3ee</value>
         <object_component_ref idref="oc-315"/>
      </symbol>
      <symbol id="sm-67f">
         <name>Timer_A_initCompareMode</name>
         <value>0xd6b2</value>
         <object_component_ref idref="oc-4bc"/>
      </symbol>
      <symbol id="sm-680">
         <name>Timer_A_startCounter</name>
         <value>0xda8c</value>
         <object_component_ref idref="oc-4c2"/>
      </symbol>
      <symbol id="sm-681">
         <name>Timer_A_stop</name>
         <value>0xda6a</value>
         <object_component_ref idref="oc-33a"/>
      </symbol>
      <symbol id="sm-68a">
         <name>WDT_A_hold</name>
         <value>0xd8fc</value>
         <object_component_ref idref="oc-3aa"/>
      </symbol>
      <symbol id="sm-693">
         <name>__mspabi_slli</name>
         <value>0xda26</value>
         <object_component_ref idref="oc-5a1"/>
      </symbol>
      <symbol id="sm-69c">
         <name>__mspabi_srli</name>
         <value>0xda30</value>
         <object_component_ref idref="oc-5c0"/>
      </symbol>
   </symbol_table>
   <title>Link successful</title>
</link_info>
